// Jest Snapshot v1, https://goo.gl/fbAQLP

exports[`clock renders correctly 1`] = `
<div>
  1482363367071
</div>
`;
